// Jest Snapshot v1, https://goo.gl/fbAQLP

exports[`Prueba en <RealExampleRef /> debe de mostrarse correctamente 1`] = `
<div>
  <h1>
    Real Example Ref
  </h1>
  <hr />
  <button
    className="btn btn-primary"
    onClick={[Function]}
  >
    Show/hide
  </button>
</div>
`;
