// Jest Snapshot v1, https://goo.gl/fbAQLP

exports[`Pruebas en <GridItem /> debe de mostrar el componente correctamente 1`] = `
<div
  className="card animate__animated animate__fadeIn"
>
  <img
    alt="Titulo nuevo"
    src="https://yonoexiso.com"
  />
  <p>
    Titulo nuevo
  </p>
</div>
`;
